C51 COMPILER V9.00   WATCHDOG                                                              02/02/2018 20:55:55 PAGE 1   


C51 COMPILER V9.00, COMPILATION OF MODULE WATCHDOG
OBJECT MODULE PLACED IN watchdog.OBJ
COMPILER INVOKED BY: D:\Keil\C51\BIN\C51.EXE watchdog.c OPTIMIZE(0,SPEED) BROWSE INCDIR(D:\Keil\C51\INC) DEBUG OBJECTEXT
                    -END

line level    source

   1          #include "watchdog.h"
   2          
   3          
   4          /********************
   5          * *Ãû³Æ£ºwatch_dog
   6          * *¹¦ÄÜ£º
   7          *********************/
   8          void watch_dog(void)
   9          {
  10   1              WDT_CONTR = 0x3F;
  11   1      }


MODULE INFORMATION:   STATIC OVERLAYABLE
   CODE SIZE        =      4    ----
   CONSTANT SIZE    =   ----    ----
   XDATA SIZE       =   ----    ----
   PDATA SIZE       =   ----    ----
   DATA SIZE        =   ----    ----
   IDATA SIZE       =   ----    ----
   BIT SIZE         =   ----    ----
END OF MODULE INFORMATION.


C51 COMPILATION COMPLETE.  0 WARNING(S),  0 ERROR(S)
